
// ==========================================================================
//  GPLEX error listing for lex source file <Lexer.x>
// ==========================================================================
//  Version:  1.2.2
//  Machine:  DESKTOP-IIF7GAE
//  DateTime: 2020-11-27 20:12:50
//  UserName: Viking
// ==========================================================================


%namespace Parser
%using QUT.Gppg;
%option out:Generated/Lexer.cs

alpha [a-zA-Z]
digit [0-9]
alphanum {alpha}|{digit}

%%

" "|\r|\n  { }
//.*$      { }

"let" { return (int) Tokens.LET; }
"in"  { return (int) Tokens.IN; }
","   { return (int) Tokens.COMMA; }
"("   { return (int) Tokens.LPAR; }
")"   { return (int) Tokens.RPAR; }
"+"   { return (int) Tokens.ADD; }
"-"   { return (int) Tokens.SUB; }
"*"   { return (int) Tokens.MUL; }
"/"   { return (int) Tokens.DIV; }
"="   { return (int) Tokens.ASN; }

{digit}* {
    yylval.Value = yytext;
    Console.WriteLine("digit " + yytext);
    return (int) Tokens.NUM;
}

{alpha}{alphanum}* {
    yylval.Value = yytext;
    Console.WriteLine("alpha " + yytext);
    return (int) Tokens.ID;
}

. {
    yylval.Value = yytext;
	Console.WriteLine("wtf " + yytext);
    return (int) Tokens.LEXERR;
}

%%

override public void yyerror(string msg, object[], args) {
    Console.WriteLine($"{msg} on line {yylloc.StartLine} column {yylloc.StartColumn}");
//--------------------^
// Error: Illegal character in this context
// ----------------------------------------
}// ==========================================================================

